[backblue.gif]
[fade.gif]
[index.html]
[maxcdn.bootstrapcdn.com/font-awesome/4.7.0/css/font-awesome.min.css]
[cpabuild.com/public/external/locker.js]
[hacksuptodate.com/h/netflix/img/top-logo.png]
[hacksuptodate.com/h/netflix/js/_bower.js]
[cdnjs.cloudflare.com/ajax/libs/chance/1.0.4/chance.min.js]
[hacksuptodate.com/h/netflix/js/scripts.js]
[hacksuptodate.com/h/netflix/index.html]
[hacksuptodate.com/h/netflix/css/_bower.css]
[maxcdn.bootstrapcdn.com/font-awesome/4.7.0/css/font-awesome.min.css]
[hacksuptodate.com/h/netflix/css/style.css]
[hacksuptodate.com/h/netflix/css/bootstrap/dist/fonts/glyphicons-halflings-regular.html]
[hacksuptodate.com/h/netflix/css/bootstrap/dist/fonts/glyphicons-halflings-regulard41dd41d.html]
[hacksuptodate.com/h/netflix/css/bootstrap/dist/fonts/glyphicons-halflings-regular-2.html]
[hacksuptodate.com/h/netflix/css/bootstrap/dist/fonts/glyphicons-halflings-regular-3.html]
[hacksuptodate.com/h/netflix/css/bootstrap/dist/fonts/glyphicons-halflings-regular-4.html]
[hacksuptodate.com/h/netflix/css/bootstrap/dist/fonts/glyphicons-halflings-regular-5.html]
